<html>
<body>
<pre>
<h1>礦ision Build Log</h1>
<h2>Tool Versions:</h2>
IDE-Version: μVision V5.36.0.0
Copyright (C) 2021 ARM Ltd and ARM Germany GmbH. All rights reserved.
License Information: 1 1, 1, LIC=ZB4EI-THFJS-Z96G9-4V07M-PR17Y-INXVS
 
Tool Versions:
Toolchain:       MDK-ARM Plus  Version: 5.36.0.0
Toolchain Path:  L:\keil5\ARM\ARMCC\Bin
C Compiler:      Armcc.exe V5.06 update 7 (build 960)
Assembler:       Armasm.exe V5.06 update 7 (build 960)
Linker/Locator:  ArmLink.exe V5.06 update 7 (build 960)
Library Manager: ArmAr.exe V5.06 update 7 (build 960)
Hex Converter:   FromElf.exe V5.06 update 7 (build 960)
CPU DLL:         SARMCM3.DLL V5.36.0.0
Dialog DLL:      DCM.DLL V1.17.3.0
Target DLL:      CMSIS_AGDI.dll V1.33.0.0
Dialog DLL:      TCM.DLL V1.53.0.0
 
<h2>Project:</h2>
C:\Users\liang\Desktop\STM32提交\STM32F103项目\Project.uvprojx
Project File Date:  10/21/2025

<h2>Output:</h2>
*** Using Compiler 'V5.06 update 7 (build 960)', folder: 'L:\keil5\ARM\ARMCC\Bin'
Build target 'Target 1'
compiling main.c...
.\SYSTEM\USART.h(12): warning:  #1-D: last line of file ends without a newline
  #endif
.\HARDWARE\Key.h(6): warning:  #1-D: last line of file ends without a newline
  #endif
.\HARDWARE\SHT30.h(5): warning:  #1295-D: Deprecated declaration SHT30_Init - give arg types
  void SHT30_Init();
.\HARDWARE\SHT30.h(6): warning:  #1295-D: Deprecated declaration SHT30_IIC_Init - give arg types
  void SHT30_IIC_Init();
.\HARDWARE\SHT30.h(11): warning:  #1-D: last line of file ends without a newline
  #endif
.\HARDWARE\LED.h(3): warning:  #1295-D: Deprecated declaration LED_Init - give arg types
  void LED_Init();
.\HARDWARE\LED.h(7): warning:  #1-D: last line of file ends without a newline
  #endif
.\HARDWARE\OLED.h(14): warning:  #1-D: last line of file ends without a newline
  #endif
.\HARDWARE\Relay.h(4): warning:  #1295-D: Deprecated declaration Relay_Init - give arg types
  void Relay_Init();
.\HARDWARE\Relay.h(7): warning:  #1295-D: Deprecated declaration Relay_Toggle - give arg types
  void Relay_Toggle();
.\HARDWARE\Relay.h(8): warning:  #1-D: last line of file ends without a newline
  #endif
.\HARDWARE\Smoke.h(5): warning:  #1-D: last line of file ends without a newline
  #endif
USER\main.c(165): warning:  #1-D: last line of file ends without a newline
  }
USER\main.c(130): warning:  #177-D: variable "temp"  was declared but never referenced
  	float temp,hum;
USER\main.c(130): warning:  #177-D: variable "hum"  was declared but never referenced
  	float temp,hum;
USER\main.c: 15 warnings, 0 errors
linking...
Program Size: Code=20862 RO-data=3782 RW-data=44 ZI-data=5060  
FromELF: creating hex file...
".\Objects\Project.axf" - 0 Error(s), 15 Warning(s).

<h2>Software Packages used:</h2>

Package Vendor: Keil
                https://www.keil.com/pack/Keil.STM32F1xx_DFP.2.4.1.pack
                Keil.STM32F1xx_DFP.2.4.1
                STMicroelectronics STM32F1 Series Device Support, Drivers and Examples

<h2>Collection of Component include folders:</h2>
  C:\Users\liang\AppData\Local\Arm\Packs\Keil\STM32F1xx_DFP\2.4.1\Device\Include

<h2>Collection of Component Files used:</h2>
Build Time Elapsed:  00:00:01
</pre>
</body>
</html>
